// Bun Snapshot v1, https://bun.sh/docs/test/snapshots

exports[`computeAllStats — golden single-baby chart geometry pins the chart geometry 1`] = `
{
  "bedtimeChart": {
    "avgLabel": "19:30",
    "avgY": 92,
    "dots": [
      {
        "date": "2026-03-15",
        "label": "19:30",
        "x": 40,
        "y": 92,
      },
      {
        "date": "2026-03-16",
        "label": "19:30",
        "x": 74.22222222222223,
        "y": 92,
      },
      {
        "date": "2026-03-17",
        "label": "19:30",
        "x": 108.44444444444444,
        "y": 92,
      },
      {
        "date": "2026-03-18",
        "label": "19:30",
        "x": 142.66666666666666,
        "y": 92,
      },
      {
        "date": "2026-03-19",
        "label": "19:30",
        "x": 176.88888888888889,
        "y": 92,
      },
      {
        "date": "2026-03-20",
        "label": "19:30",
        "x": 211.11111111111111,
        "y": 92,
      },
      {
        "date": "2026-03-21",
        "label": "19:30",
        "x": 245.33333333333331,
        "y": 92,
      },
      {
        "date": "2026-03-22",
        "label": "19:30",
        "x": 279.55555555555554,
        "y": 92,
      },
      {
        "date": "2026-03-23",
        "label": "19:30",
        "x": 313.77777777777777,
        "y": 92,
      },
      {
        "date": "2026-03-24",
        "label": "19:30",
        "x": 348,
        "y": 92,
      },
    ],
    "gridLines": [
      16,
      168,
    ],
    "linePath": "M40,92 L74.22222222222223,92 L108.44444444444444,92 L142.66666666666666,92 L176.88888888888889,92 L211.11111111111111,92 L245.33333333333331,92 L279.55555555555554,92 L313.77777777777777,92 L348,92",
    "xLabels": [
      {
        "label": "15. mars",
        "x": 40,
      },
      {
        "label": "20. mars",
        "x": 211.11111111111111,
      },
      {
        "label": "24. mars",
        "x": 348,
      },
    ],
    "yTicks": [
      {
        "label": "19:00",
        "y": 16,
      },
      {
        "label": "20:00",
        "y": 168,
      },
    ],
  },
  "gantt": {
    "height": 632,
    "hourLabels": [
      {
        "label": "00",
        "x": 56,
      },
      {
        "label": "03",
        "x": 93,
      },
      {
        "label": "06",
        "x": 130,
      },
      {
        "label": "09",
        "x": 167,
      },
      {
        "label": "12",
        "x": 204,
      },
      {
        "label": "15",
        "x": 241,
      },
      {
        "label": "18",
        "x": 278,
      },
      {
        "label": "21",
        "x": 315,
      },
    ],
    "rows": [
      {
        "blocks": [],
        "date": "2026-02-25",
        "dateLabel": "ons. 25.",
        "y": 24,
      },
      {
        "blocks": [],
        "date": "2026-02-26",
        "dateLabel": "tor. 26.",
        "y": 44,
      },
      {
        "blocks": [],
        "date": "2026-02-27",
        "dateLabel": "fre. 27.",
        "y": 64,
      },
      {
        "blocks": [],
        "date": "2026-02-28",
        "dateLabel": "lør. 28.",
        "y": 84,
      },
      {
        "blocks": [],
        "date": "2026-03-01",
        "dateLabel": "søn. 1.",
        "y": 104,
      },
      {
        "blocks": [],
        "date": "2026-03-02",
        "dateLabel": "man. 2.",
        "y": 124,
      },
      {
        "blocks": [],
        "date": "2026-03-03",
        "dateLabel": "tir. 3.",
        "y": 144,
      },
      {
        "blocks": [],
        "date": "2026-03-04",
        "dateLabel": "ons. 4.",
        "y": 164,
      },
      {
        "blocks": [],
        "date": "2026-03-05",
        "dateLabel": "tor. 5.",
        "y": 184,
      },
      {
        "blocks": [],
        "date": "2026-03-06",
        "dateLabel": "fre. 6.",
        "y": 204,
      },
      {
        "blocks": [],
        "date": "2026-03-07",
        "dateLabel": "lør. 7.",
        "y": 224,
      },
      {
        "blocks": [],
        "date": "2026-03-08",
        "dateLabel": "søn. 8.",
        "y": 244,
      },
      {
        "blocks": [],
        "date": "2026-03-09",
        "dateLabel": "man. 9.",
        "y": 264,
      },
      {
        "blocks": [],
        "date": "2026-03-10",
        "dateLabel": "tir. 10.",
        "y": 284,
      },
      {
        "blocks": [],
        "date": "2026-03-11",
        "dateLabel": "ons. 11.",
        "y": 304,
      },
      {
        "blocks": [],
        "date": "2026-03-12",
        "dateLabel": "tor. 12.",
        "y": 324,
      },
      {
        "blocks": [],
        "date": "2026-03-13",
        "dateLabel": "fre. 13.",
        "y": 344,
      },
      {
        "blocks": [],
        "date": "2026-03-14",
        "dateLabel": "lør. 14.",
        "y": 364,
      },
      {
        "blocks": [
          {
            "type": "night",
            "w": 55.5,
            "x": 296.5,
            "y": 386,
          },
        ],
        "date": "2026-03-15",
        "dateLabel": "søn. 15.",
        "y": 384,
      },
      {
        "blocks": [
          {
            "type": "night",
            "w": 86.33333333333334,
            "x": 56,
            "y": 406,
          },
          {
            "type": "nap",
            "w": 18.5,
            "x": 173.16666666666666,
            "y": 406,
          },
          {
            "type": "nap",
            "w": 12.333333333333332,
            "x": 222.5,
            "y": 406,
          },
          {
            "type": "night",
            "w": 55.5,
            "x": 296.5,
            "y": 406,
          },
        ],
        "date": "2026-03-16",
        "dateLabel": "man. 16.",
        "y": 404,
      },
      {
        "blocks": [
          {
            "type": "night",
            "w": 86.33333333333334,
            "x": 56,
            "y": 426,
          },
          {
            "type": "nap",
            "w": 18.5,
            "x": 173.16666666666666,
            "y": 426,
          },
          {
            "type": "nap",
            "w": 12.333333333333332,
            "x": 222.5,
            "y": 426,
          },
          {
            "type": "night",
            "w": 55.5,
            "x": 296.5,
            "y": 426,
          },
        ],
        "date": "2026-03-17",
        "dateLabel": "tir. 17.",
        "y": 424,
      },
      {
        "blocks": [
          {
            "type": "night",
            "w": 86.33333333333334,
            "x": 56,
            "y": 446,
          },
          {
            "type": "nap",
            "w": 18.5,
            "x": 173.16666666666666,
            "y": 446,
          },
          {
            "type": "nap",
            "w": 12.333333333333332,
            "x": 222.5,
            "y": 446,
          },
          {
            "type": "night",
            "w": 55.5,
            "x": 296.5,
            "y": 446,
          },
        ],
        "date": "2026-03-18",
        "dateLabel": "ons. 18.",
        "y": 444,
      },
      {
        "blocks": [
          {
            "type": "night",
            "w": 86.33333333333334,
            "x": 56,
            "y": 466,
          },
          {
            "type": "nap",
            "w": 18.5,
            "x": 173.16666666666666,
            "y": 466,
          },
          {
            "type": "nap",
            "w": 12.333333333333332,
            "x": 222.5,
            "y": 466,
          },
          {
            "type": "night",
            "w": 55.5,
            "x": 296.5,
            "y": 466,
          },
        ],
        "date": "2026-03-19",
        "dateLabel": "tor. 19.",
        "y": 464,
      },
      {
        "blocks": [
          {
            "type": "night",
            "w": 86.33333333333334,
            "x": 56,
            "y": 486,
          },
          {
            "type": "nap",
            "w": 18.5,
            "x": 173.16666666666666,
            "y": 486,
          },
          {
            "type": "nap",
            "w": 12.333333333333332,
            "x": 222.5,
            "y": 486,
          },
          {
            "type": "night",
            "w": 55.5,
            "x": 296.5,
            "y": 486,
          },
        ],
        "date": "2026-03-20",
        "dateLabel": "fre. 20.",
        "y": 484,
      },
      {
        "blocks": [
          {
            "type": "night",
            "w": 86.33333333333334,
            "x": 56,
            "y": 506,
          },
          {
            "type": "nap",
            "w": 18.5,
            "x": 173.16666666666666,
            "y": 506,
          },
          {
            "type": "nap",
            "w": 12.333333333333332,
            "x": 222.5,
            "y": 506,
          },
          {
            "type": "night",
            "w": 55.5,
            "x": 296.5,
            "y": 506,
          },
        ],
        "date": "2026-03-21",
        "dateLabel": "lør. 21.",
        "y": 504,
      },
      {
        "blocks": [
          {
            "type": "night",
            "w": 86.33333333333334,
            "x": 56,
            "y": 526,
          },
          {
            "type": "nap",
            "w": 18.5,
            "x": 173.16666666666666,
            "y": 526,
          },
          {
            "type": "nap",
            "w": 12.333333333333332,
            "x": 222.5,
            "y": 526,
          },
          {
            "type": "night",
            "w": 55.5,
            "x": 296.5,
            "y": 526,
          },
        ],
        "date": "2026-03-22",
        "dateLabel": "søn. 22.",
        "y": 524,
      },
      {
        "blocks": [
          {
            "type": "night",
            "w": 86.33333333333334,
            "x": 56,
            "y": 546,
          },
          {
            "type": "nap",
            "w": 18.5,
            "x": 173.16666666666666,
            "y": 546,
          },
          {
            "type": "nap",
            "w": 12.333333333333332,
            "x": 222.5,
            "y": 546,
          },
          {
            "type": "night",
            "w": 55.5,
            "x": 296.5,
            "y": 546,
          },
        ],
        "date": "2026-03-23",
        "dateLabel": "man. 23.",
        "y": 544,
      },
      {
        "blocks": [
          {
            "type": "night",
            "w": 86.33333333333334,
            "x": 56,
            "y": 566,
          },
          {
            "type": "nap",
            "w": 18.5,
            "x": 173.16666666666666,
            "y": 566,
          },
          {
            "type": "nap",
            "w": 12.333333333333332,
            "x": 222.5,
            "y": 566,
          },
          {
            "type": "night",
            "w": 55.5,
            "x": 296.5,
            "y": 566,
          },
        ],
        "date": "2026-03-24",
        "dateLabel": "tir. 24.",
        "y": 564,
      },
      {
        "blocks": [
          {
            "type": "night",
            "w": 86.33333333333334,
            "x": 56,
            "y": 586,
          },
          {
            "type": "nap",
            "w": 18.5,
            "x": 173.16666666666666,
            "y": 586,
          },
          {
            "type": "nap",
            "w": 12.333333333333332,
            "x": 222.5,
            "y": 586,
          },
        ],
        "date": "2026-03-25",
        "dateLabel": "ons. 25.",
        "y": 584,
      },
      {
        "blocks": [],
        "date": "2026-03-26",
        "dateLabel": "tor. 26.",
        "y": 604,
      },
    ],
  },
  "heatmapChart": {
    "cells": [
      {
        "h": 14,
        "minutes": 0,
        "opacity": 0,
        "w": 13,
        "x": 56,
        "y": 20,
      },
      {
        "h": 14,
        "minutes": 0,
        "opacity": 0,
        "w": 13,
        "x": 70,
        "y": 20,
      },
      {
        "h": 14,
        "minutes": 0,
        "opacity": 0,
        "w": 13,
        "x": 84,
        "y": 20,
      },
      {
        "h": 14,
        "minutes": 0,
        "opacity": 0,
        "w": 13,
        "x": 98,
        "y": 20,
      },
      {
        "h": 14,
        "minutes": 0,
        "opacity": 0,
        "w": 13,
        "x": 112,
        "y": 20,
      },
      {
        "h": 14,
        "minutes": 0,
        "opacity": 0,
        "w": 13,
        "x": 126,
        "y": 20,
      },
      {
        "h": 14,
        "minutes": 0,
        "opacity": 0,
        "w": 13,
        "x": 140,
        "y": 20,
      },
      {
        "h": 14,
        "minutes": 0,
        "opacity": 0,
        "w": 13,
        "x": 154,
        "y": 20,
      },
      {
        "h": 14,
        "minutes": 0,
        "opacity": 0,
        "w": 13,
        "x": 168,
        "y": 20,
      },
      {
        "h": 14,
        "minutes": 0,
        "opacity": 0,
        "w": 13,
        "x": 182,
        "y": 20,
      },
      {
        "h": 14,
        "minutes": 0,
        "opacity": 0,
        "w": 13,
        "x": 196,
        "y": 20,
      },
      {
        "h": 14,
        "minutes": 0,
        "opacity": 0,
        "w": 13,
        "x": 210,
        "y": 20,
      },
      {
        "h": 14,
        "minutes": 0,
        "opacity": 0,
        "w": 13,
        "x": 224,
        "y": 20,
      },
      {
        "h": 14,
        "minutes": 0,
        "opacity": 0,
        "w": 13,
        "x": 238,
        "y": 20,
      },
      {
        "h": 14,
        "minutes": 0,
        "opacity": 0,
        "w": 13,
        "x": 252,
        "y": 20,
      },
      {
        "h": 14,
        "minutes": 0,
        "opacity": 0,
        "w": 13,
        "x": 266,
        "y": 20,
      },
      {
        "h": 14,
        "minutes": 0,
        "opacity": 0,
        "w": 13,
        "x": 280,
        "y": 20,
      },
      {
        "h": 14,
        "minutes": 0,
        "opacity": 0,
        "w": 13,
        "x": 294,
        "y": 20,
      },
      {
        "h": 14,
        "minutes": 0,
        "opacity": 0,
        "w": 13,
        "x": 308,
        "y": 20,
      },
      {
        "h": 14,
        "minutes": 30,
        "opacity": 0.5,
        "w": 13,
        "x": 322,
        "y": 20,
      },
      {
        "h": 14,
        "minutes": 60,
        "opacity": 1,
        "w": 13,
        "x": 336,
        "y": 20,
      },
      {
        "h": 14,
        "minutes": 60,
        "opacity": 1,
        "w": 13,
        "x": 350,
        "y": 20,
      },
      {
        "h": 14,
        "minutes": 60,
        "opacity": 1,
        "w": 13,
        "x": 364,
        "y": 20,
      },
      {
        "h": 14,
        "minutes": 60,
        "opacity": 1,
        "w": 13,
        "x": 378,
        "y": 20,
      },
      {
        "h": 14,
        "minutes": 60,
        "opacity": 1,
        "w": 13,
        "x": 56,
        "y": 35,
      },
      {
        "h": 14,
        "minutes": 60,
        "opacity": 1,
        "w": 13,
        "x": 70,
        "y": 35,
      },
      {
        "h": 14,
        "minutes": 60,
        "opacity": 1,
        "w": 13,
        "x": 84,
        "y": 35,
      },
      {
        "h": 14,
        "minutes": 60,
        "opacity": 1,
        "w": 13,
        "x": 98,
        "y": 35,
      },
      {
        "h": 14,
        "minutes": 60,
        "opacity": 1,
        "w": 13,
        "x": 112,
        "y": 35,
      },
      {
        "h": 14,
        "minutes": 60,
        "opacity": 1,
        "w": 13,
        "x": 126,
        "y": 35,
      },
      {
        "h": 14,
        "minutes": 60,
        "opacity": 1,
        "w": 13,
        "x": 140,
        "y": 35,
      },
      {
        "h": 14,
        "minutes": 0,
        "opacity": 0,
        "w": 13,
        "x": 154,
        "y": 35,
      },
      {
        "h": 14,
        "minutes": 0,
        "opacity": 0,
        "w": 13,
        "x": 168,
        "y": 35,
      },
      {
        "h": 14,
        "minutes": 30,
        "opacity": 0.5,
        "w": 13,
        "x": 182,
        "y": 35,
      },
      {
        "h": 14,
        "minutes": 60,
        "opacity": 1,
        "w": 13,
        "x": 196,
        "y": 35,
      },
      {
        "h": 14,
        "minutes": 0,
        "opacity": 0,
        "w": 13,
        "x": 210,
        "y": 35,
      },
      {
        "h": 14,
        "minutes": 0,
        "opacity": 0,
        "w": 13,
        "x": 224,
        "y": 35,
      },
      {
        "h": 14,
        "minutes": 30,
        "opacity": 0.5,
        "w": 13,
        "x": 238,
        "y": 35,
      },
      {
        "h": 14,
        "minutes": 30,
        "opacity": 0.5,
        "w": 13,
        "x": 252,
        "y": 35,
      },
      {
        "h": 14,
        "minutes": 0,
        "opacity": 0,
        "w": 13,
        "x": 266,
        "y": 35,
      },
      {
        "h": 14,
        "minutes": 0,
        "opacity": 0,
        "w": 13,
        "x": 280,
        "y": 35,
      },
      {
        "h": 14,
        "minutes": 0,
        "opacity": 0,
        "w": 13,
        "x": 294,
        "y": 35,
      },
      {
        "h": 14,
        "minutes": 0,
        "opacity": 0,
        "w": 13,
        "x": 308,
        "y": 35,
      },
      {
        "h": 14,
        "minutes": 30,
        "opacity": 0.5,
        "w": 13,
        "x": 322,
        "y": 35,
      },
      {
        "h": 14,
        "minutes": 60,
        "opacity": 1,
        "w": 13,
        "x": 336,
        "y": 35,
      },
      {
        "h": 14,
        "minutes": 60,
        "opacity": 1,
        "w": 13,
        "x": 350,
        "y": 35,
      },
      {
        "h": 14,
        "minutes": 60,
        "opacity": 1,
        "w": 13,
        "x": 364,
        "y": 35,
      },
      {
        "h": 14,
        "minutes": 60,
        "opacity": 1,
        "w": 13,
        "x": 378,
        "y": 35,
      },
      {
        "h": 14,
        "minutes": 60,
        "opacity": 1,
        "w": 13,
        "x": 56,
        "y": 50,
      },
      {
        "h": 14,
        "minutes": 60,
        "opacity": 1,
        "w": 13,
        "x": 70,
        "y": 50,
      },
      {
        "h": 14,
        "minutes": 60,
        "opacity": 1,
        "w": 13,
        "x": 84,
        "y": 50,
      },
      {
        "h": 14,
        "minutes": 60,
        "opacity": 1,
        "w": 13,
        "x": 98,
        "y": 50,
      },
      {
        "h": 14,
        "minutes": 60,
        "opacity": 1,
        "w": 13,
        "x": 112,
        "y": 50,
      },
      {
        "h": 14,
        "minutes": 60,
        "opacity": 1,
        "w": 13,
        "x": 126,
        "y": 50,
      },
      {
        "h": 14,
        "minutes": 60,
        "opacity": 1,
        "w": 13,
        "x": 140,
        "y": 50,
      },
      {
        "h": 14,
        "minutes": 0,
        "opacity": 0,
        "w": 13,
        "x": 154,
        "y": 50,
      },
      {
        "h": 14,
        "minutes": 0,
        "opacity": 0,
        "w": 13,
        "x": 168,
        "y": 50,
      },
      {
        "h": 14,
        "minutes": 30,
        "opacity": 0.5,
        "w": 13,
        "x": 182,
        "y": 50,
      },
      {
        "h": 14,
        "minutes": 60,
        "opacity": 1,
        "w": 13,
        "x": 196,
        "y": 50,
      },
      {
        "h": 14,
        "minutes": 0,
        "opacity": 0,
        "w": 13,
        "x": 210,
        "y": 50,
      },
      {
        "h": 14,
        "minutes": 0,
        "opacity": 0,
        "w": 13,
        "x": 224,
        "y": 50,
      },
      {
        "h": 14,
        "minutes": 30,
        "opacity": 0.5,
        "w": 13,
        "x": 238,
        "y": 50,
      },
      {
        "h": 14,
        "minutes": 30,
        "opacity": 0.5,
        "w": 13,
        "x": 252,
        "y": 50,
      },
      {
        "h": 14,
        "minutes": 0,
        "opacity": 0,
        "w": 13,
        "x": 266,
        "y": 50,
      },
      {
        "h": 14,
        "minutes": 0,
        "opacity": 0,
        "w": 13,
        "x": 280,
        "y": 50,
      },
      {
        "h": 14,
        "minutes": 0,
        "opacity": 0,
        "w": 13,
        "x": 294,
        "y": 50,
      },
      {
        "h": 14,
        "minutes": 0,
        "opacity": 0,
        "w": 13,
        "x": 308,
        "y": 50,
      },
      {
        "h": 14,
        "minutes": 30,
        "opacity": 0.5,
        "w": 13,
        "x": 322,
        "y": 50,
      },
      {
        "h": 14,
        "minutes": 60,
        "opacity": 1,
        "w": 13,
        "x": 336,
        "y": 50,
      },
      {
        "h": 14,
        "minutes": 60,
        "opacity": 1,
        "w": 13,
        "x": 350,
        "y": 50,
      },
      {
        "h": 14,
        "minutes": 60,
        "opacity": 1,
        "w": 13,
        "x": 364,
        "y": 50,
      },
      {
        "h": 14,
        "minutes": 60,
        "opacity": 1,
        "w": 13,
        "x": 378,
        "y": 50,
      },
      {
        "h": 14,
        "minutes": 60,
        "opacity": 1,
        "w": 13,
        "x": 56,
        "y": 65,
      },
      {
        "h": 14,
        "minutes": 60,
        "opacity": 1,
        "w": 13,
        "x": 70,
        "y": 65,
      },
      {
        "h": 14,
        "minutes": 60,
        "opacity": 1,
        "w": 13,
        "x": 84,
        "y": 65,
      },
      {
        "h": 14,
        "minutes": 60,
        "opacity": 1,
        "w": 13,
        "x": 98,
        "y": 65,
      },
      {
        "h": 14,
        "minutes": 60,
        "opacity": 1,
        "w": 13,
        "x": 112,
        "y": 65,
      },
      {
        "h": 14,
        "minutes": 60,
        "opacity": 1,
        "w": 13,
        "x": 126,
        "y": 65,
      },
      {
        "h": 14,
        "minutes": 60,
        "opacity": 1,
        "w": 13,
        "x": 140,
        "y": 65,
      },
      {
        "h": 14,
        "minutes": 0,
        "opacity": 0,
        "w": 13,
        "x": 154,
        "y": 65,
      },
      {
        "h": 14,
        "minutes": 0,
        "opacity": 0,
        "w": 13,
        "x": 168,
        "y": 65,
      },
      {
        "h": 14,
        "minutes": 30,
        "opacity": 0.5,
        "w": 13,
        "x": 182,
        "y": 65,
      },
      {
        "h": 14,
        "minutes": 60,
        "opacity": 1,
        "w": 13,
        "x": 196,
        "y": 65,
      },
      {
        "h": 14,
        "minutes": 0,
        "opacity": 0,
        "w": 13,
        "x": 210,
        "y": 65,
      },
      {
        "h": 14,
        "minutes": 0,
        "opacity": 0,
        "w": 13,
        "x": 224,
        "y": 65,
      },
      {
        "h": 14,
        "minutes": 30,
        "opacity": 0.5,
        "w": 13,
        "x": 238,
        "y": 65,
      },
      {
        "h": 14,
        "minutes": 30,
        "opacity": 0.5,
        "w": 13,
        "x": 252,
        "y": 65,
      },
      {
        "h": 14,
        "minutes": 0,
        "opacity": 0,
        "w": 13,
        "x": 266,
        "y": 65,
      },
      {
        "h": 14,
        "minutes": 0,
        "opacity": 0,
        "w": 13,
        "x": 280,
        "y": 65,
      },
      {
        "h": 14,
        "minutes": 0,
        "opacity": 0,
        "w": 13,
        "x": 294,
        "y": 65,
      },
      {
        "h": 14,
        "minutes": 0,
        "opacity": 0,
        "w": 13,
        "x": 308,
        "y": 65,
      },
      {
        "h": 14,
        "minutes": 30,
        "opacity": 0.5,
        "w": 13,
        "x": 322,
        "y": 65,
      },
      {
        "h": 14,
        "minutes": 60,
        "opacity": 1,
        "w": 13,
        "x": 336,
        "y": 65,
      },
      {
        "h": 14,
        "minutes": 60,
        "opacity": 1,
        "w": 13,
        "x": 350,
        "y": 65,
      },
      {
        "h": 14,
        "minutes": 60,
        "opacity": 1,
        "w": 13,
        "x": 364,
        "y": 65,
      },
      {
        "h": 14,
        "minutes": 60,
        "opacity": 1,
        "w": 13,
        "x": 378,
        "y": 65,
      },
      {
        "h": 14,
        "minutes": 60,
        "opacity": 1,
        "w": 13,
        "x": 56,
        "y": 80,
      },
      {
        "h": 14,
        "minutes": 60,
        "opacity": 1,
        "w": 13,
        "x": 70,
        "y": 80,
      },
      {
        "h": 14,
        "minutes": 60,
        "opacity": 1,
        "w": 13,
        "x": 84,
        "y": 80,
      },
      {
        "h": 14,
        "minutes": 60,
        "opacity": 1,
        "w": 13,
        "x": 98,
        "y": 80,
      },
      {
        "h": 14,
        "minutes": 60,
        "opacity": 1,
        "w": 13,
        "x": 112,
        "y": 80,
      },
      {
        "h": 14,
        "minutes": 60,
        "opacity": 1,
        "w": 13,
        "x": 126,
        "y": 80,
      },
      {
        "h": 14,
        "minutes": 60,
        "opacity": 1,
        "w": 13,
        "x": 140,
        "y": 80,
      },
      {
        "h": 14,
        "minutes": 0,
        "opacity": 0,
        "w": 13,
        "x": 154,
        "y": 80,
      },
      {
        "h": 14,
        "minutes": 0,
        "opacity": 0,
        "w": 13,
        "x": 168,
        "y": 80,
      },
      {
        "h": 14,
        "minutes": 30,
        "opacity": 0.5,
        "w": 13,
        "x": 182,
        "y": 80,
      },
      {
        "h": 14,
        "minutes": 60,
        "opacity": 1,
        "w": 13,
        "x": 196,
        "y": 80,
      },
      {
        "h": 14,
        "minutes": 0,
        "opacity": 0,
        "w": 13,
        "x": 210,
        "y": 80,
      },
      {
        "h": 14,
        "minutes": 0,
        "opacity": 0,
        "w": 13,
        "x": 224,
        "y": 80,
      },
      {
        "h": 14,
        "minutes": 30,
        "opacity": 0.5,
        "w": 13,
        "x": 238,
        "y": 80,
      },
      {
        "h": 14,
        "minutes": 30,
        "opacity": 0.5,
        "w": 13,
        "x": 252,
        "y": 80,
      },
      {
        "h": 14,
        "minutes": 0,
        "opacity": 0,
        "w": 13,
        "x": 266,
        "y": 80,
      },
      {
        "h": 14,
        "minutes": 0,
        "opacity": 0,
        "w": 13,
        "x": 280,
        "y": 80,
      },
      {
        "h": 14,
        "minutes": 0,
        "opacity": 0,
        "w": 13,
        "x": 294,
        "y": 80,
      },
      {
        "h": 14,
        "minutes": 0,
        "opacity": 0,
        "w": 13,
        "x": 308,
        "y": 80,
      },
      {
        "h": 14,
        "minutes": 30,
        "opacity": 0.5,
        "w": 13,
        "x": 322,
        "y": 80,
      },
      {
        "h": 14,
        "minutes": 60,
        "opacity": 1,
        "w": 13,
        "x": 336,
        "y": 80,
      },
      {
        "h": 14,
        "minutes": 60,
        "opacity": 1,
        "w": 13,
        "x": 350,
        "y": 80,
      },
      {
        "h": 14,
        "minutes": 60,
        "opacity": 1,
        "w": 13,
        "x": 364,
        "y": 80,
      },
      {
        "h": 14,
        "minutes": 60,
        "opacity": 1,
        "w": 13,
        "x": 378,
        "y": 80,
      },
      {
        "h": 14,
        "minutes": 60,
        "opacity": 1,
        "w": 13,
        "x": 56,
        "y": 95,
      },
      {
        "h": 14,
        "minutes": 60,
        "opacity": 1,
        "w": 13,
        "x": 70,
        "y": 95,
      },
      {
        "h": 14,
        "minutes": 60,
        "opacity": 1,
        "w": 13,
        "x": 84,
        "y": 95,
      },
      {
        "h": 14,
        "minutes": 60,
        "opacity": 1,
        "w": 13,
        "x": 98,
        "y": 95,
      },
      {
        "h": 14,
        "minutes": 60,
        "opacity": 1,
        "w": 13,
        "x": 112,
        "y": 95,
      },
      {
        "h": 14,
        "minutes": 60,
        "opacity": 1,
        "w": 13,
        "x": 126,
        "y": 95,
      },
      {
        "h": 14,
        "minutes": 60,
        "opacity": 1,
        "w": 13,
        "x": 140,
        "y": 95,
      },
      {
        "h": 14,
        "minutes": 0,
        "opacity": 0,
        "w": 13,
        "x": 154,
        "y": 95,
      },
      {
        "h": 14,
        "minutes": 0,
        "opacity": 0,
        "w": 13,
        "x": 168,
        "y": 95,
      },
      {
        "h": 14,
        "minutes": 30,
        "opacity": 0.5,
        "w": 13,
        "x": 182,
        "y": 95,
      },
      {
        "h": 14,
        "minutes": 60,
        "opacity": 1,
        "w": 13,
        "x": 196,
        "y": 95,
      },
      {
        "h": 14,
        "minutes": 0,
        "opacity": 0,
        "w": 13,
        "x": 210,
        "y": 95,
      },
      {
        "h": 14,
        "minutes": 0,
        "opacity": 0,
        "w": 13,
        "x": 224,
        "y": 95,
      },
      {
        "h": 14,
        "minutes": 30,
        "opacity": 0.5,
        "w": 13,
        "x": 238,
        "y": 95,
      },
      {
        "h": 14,
        "minutes": 30,
        "opacity": 0.5,
        "w": 13,
        "x": 252,
        "y": 95,
      },
      {
        "h": 14,
        "minutes": 0,
        "opacity": 0,
        "w": 13,
        "x": 266,
        "y": 95,
      },
      {
        "h": 14,
        "minutes": 0,
        "opacity": 0,
        "w": 13,
        "x": 280,
        "y": 95,
      },
      {
        "h": 14,
        "minutes": 0,
        "opacity": 0,
        "w": 13,
        "x": 294,
        "y": 95,
      },
      {
        "h": 14,
        "minutes": 0,
        "opacity": 0,
        "w": 13,
        "x": 308,
        "y": 95,
      },
      {
        "h": 14,
        "minutes": 30,
        "opacity": 0.5,
        "w": 13,
        "x": 322,
        "y": 95,
      },
      {
        "h": 14,
        "minutes": 60,
        "opacity": 1,
        "w": 13,
        "x": 336,
        "y": 95,
      },
      {
        "h": 14,
        "minutes": 60,
        "opacity": 1,
        "w": 13,
        "x": 350,
        "y": 95,
      },
      {
        "h": 14,
        "minutes": 60,
        "opacity": 1,
        "w": 13,
        "x": 364,
        "y": 95,
      },
      {
        "h": 14,
        "minutes": 60,
        "opacity": 1,
        "w": 13,
        "x": 378,
        "y": 95,
      },
      {
        "h": 14,
        "minutes": 60,
        "opacity": 1,
        "w": 13,
        "x": 56,
        "y": 110,
      },
      {
        "h": 14,
        "minutes": 60,
        "opacity": 1,
        "w": 13,
        "x": 70,
        "y": 110,
      },
      {
        "h": 14,
        "minutes": 60,
        "opacity": 1,
        "w": 13,
        "x": 84,
        "y": 110,
      },
      {
        "h": 14,
        "minutes": 60,
        "opacity": 1,
        "w": 13,
        "x": 98,
        "y": 110,
      },
      {
        "h": 14,
        "minutes": 60,
        "opacity": 1,
        "w": 13,
        "x": 112,
        "y": 110,
      },
      {
        "h": 14,
        "minutes": 60,
        "opacity": 1,
        "w": 13,
        "x": 126,
        "y": 110,
      },
      {
        "h": 14,
        "minutes": 60,
        "opacity": 1,
        "w": 13,
        "x": 140,
        "y": 110,
      },
      {
        "h": 14,
        "minutes": 0,
        "opacity": 0,
        "w": 13,
        "x": 154,
        "y": 110,
      },
      {
        "h": 14,
        "minutes": 0,
        "opacity": 0,
        "w": 13,
        "x": 168,
        "y": 110,
      },
      {
        "h": 14,
        "minutes": 30,
        "opacity": 0.5,
        "w": 13,
        "x": 182,
        "y": 110,
      },
      {
        "h": 14,
        "minutes": 60,
        "opacity": 1,
        "w": 13,
        "x": 196,
        "y": 110,
      },
      {
        "h": 14,
        "minutes": 0,
        "opacity": 0,
        "w": 13,
        "x": 210,
        "y": 110,
      },
      {
        "h": 14,
        "minutes": 0,
        "opacity": 0,
        "w": 13,
        "x": 224,
        "y": 110,
      },
      {
        "h": 14,
        "minutes": 30,
        "opacity": 0.5,
        "w": 13,
        "x": 238,
        "y": 110,
      },
      {
        "h": 14,
        "minutes": 30,
        "opacity": 0.5,
        "w": 13,
        "x": 252,
        "y": 110,
      },
      {
        "h": 14,
        "minutes": 0,
        "opacity": 0,
        "w": 13,
        "x": 266,
        "y": 110,
      },
      {
        "h": 14,
        "minutes": 0,
        "opacity": 0,
        "w": 13,
        "x": 280,
        "y": 110,
      },
      {
        "h": 14,
        "minutes": 0,
        "opacity": 0,
        "w": 13,
        "x": 294,
        "y": 110,
      },
      {
        "h": 14,
        "minutes": 0,
        "opacity": 0,
        "w": 13,
        "x": 308,
        "y": 110,
      },
      {
        "h": 14,
        "minutes": 30,
        "opacity": 0.5,
        "w": 13,
        "x": 322,
        "y": 110,
      },
      {
        "h": 14,
        "minutes": 60,
        "opacity": 1,
        "w": 13,
        "x": 336,
        "y": 110,
      },
      {
        "h": 14,
        "minutes": 60,
        "opacity": 1,
        "w": 13,
        "x": 350,
        "y": 110,
      },
      {
        "h": 14,
        "minutes": 60,
        "opacity": 1,
        "w": 13,
        "x": 364,
        "y": 110,
      },
      {
        "h": 14,
        "minutes": 60,
        "opacity": 1,
        "w": 13,
        "x": 378,
        "y": 110,
      },
      {
        "h": 14,
        "minutes": 60,
        "opacity": 1,
        "w": 13,
        "x": 56,
        "y": 125,
      },
      {
        "h": 14,
        "minutes": 60,
        "opacity": 1,
        "w": 13,
        "x": 70,
        "y": 125,
      },
      {
        "h": 14,
        "minutes": 60,
        "opacity": 1,
        "w": 13,
        "x": 84,
        "y": 125,
      },
      {
        "h": 14,
        "minutes": 60,
        "opacity": 1,
        "w": 13,
        "x": 98,
        "y": 125,
      },
      {
        "h": 14,
        "minutes": 60,
        "opacity": 1,
        "w": 13,
        "x": 112,
        "y": 125,
      },
      {
        "h": 14,
        "minutes": 60,
        "opacity": 1,
        "w": 13,
        "x": 126,
        "y": 125,
      },
      {
        "h": 14,
        "minutes": 60,
        "opacity": 1,
        "w": 13,
        "x": 140,
        "y": 125,
      },
      {
        "h": 14,
        "minutes": 0,
        "opacity": 0,
        "w": 13,
        "x": 154,
        "y": 125,
      },
      {
        "h": 14,
        "minutes": 0,
        "opacity": 0,
        "w": 13,
        "x": 168,
        "y": 125,
      },
      {
        "h": 14,
        "minutes": 30,
        "opacity": 0.5,
        "w": 13,
        "x": 182,
        "y": 125,
      },
      {
        "h": 14,
        "minutes": 60,
        "opacity": 1,
        "w": 13,
        "x": 196,
        "y": 125,
      },
      {
        "h": 14,
        "minutes": 0,
        "opacity": 0,
        "w": 13,
        "x": 210,
        "y": 125,
      },
      {
        "h": 14,
        "minutes": 0,
        "opacity": 0,
        "w": 13,
        "x": 224,
        "y": 125,
      },
      {
        "h": 14,
        "minutes": 30,
        "opacity": 0.5,
        "w": 13,
        "x": 238,
        "y": 125,
      },
      {
        "h": 14,
        "minutes": 30,
        "opacity": 0.5,
        "w": 13,
        "x": 252,
        "y": 125,
      },
      {
        "h": 14,
        "minutes": 0,
        "opacity": 0,
        "w": 13,
        "x": 266,
        "y": 125,
      },
      {
        "h": 14,
        "minutes": 0,
        "opacity": 0,
        "w": 13,
        "x": 280,
        "y": 125,
      },
      {
        "h": 14,
        "minutes": 0,
        "opacity": 0,
        "w": 13,
        "x": 294,
        "y": 125,
      },
      {
        "h": 14,
        "minutes": 0,
        "opacity": 0,
        "w": 13,
        "x": 308,
        "y": 125,
      },
      {
        "h": 14,
        "minutes": 30,
        "opacity": 0.5,
        "w": 13,
        "x": 322,
        "y": 125,
      },
      {
        "h": 14,
        "minutes": 60,
        "opacity": 1,
        "w": 13,
        "x": 336,
        "y": 125,
      },
      {
        "h": 14,
        "minutes": 60,
        "opacity": 1,
        "w": 13,
        "x": 350,
        "y": 125,
      },
      {
        "h": 14,
        "minutes": 60,
        "opacity": 1,
        "w": 13,
        "x": 364,
        "y": 125,
      },
      {
        "h": 14,
        "minutes": 60,
        "opacity": 1,
        "w": 13,
        "x": 378,
        "y": 125,
      },
      {
        "h": 14,
        "minutes": 60,
        "opacity": 1,
        "w": 13,
        "x": 56,
        "y": 140,
      },
      {
        "h": 14,
        "minutes": 60,
        "opacity": 1,
        "w": 13,
        "x": 70,
        "y": 140,
      },
      {
        "h": 14,
        "minutes": 60,
        "opacity": 1,
        "w": 13,
        "x": 84,
        "y": 140,
      },
      {
        "h": 14,
        "minutes": 60,
        "opacity": 1,
        "w": 13,
        "x": 98,
        "y": 140,
      },
      {
        "h": 14,
        "minutes": 60,
        "opacity": 1,
        "w": 13,
        "x": 112,
        "y": 140,
      },
      {
        "h": 14,
        "minutes": 60,
        "opacity": 1,
        "w": 13,
        "x": 126,
        "y": 140,
      },
      {
        "h": 14,
        "minutes": 60,
        "opacity": 1,
        "w": 13,
        "x": 140,
        "y": 140,
      },
      {
        "h": 14,
        "minutes": 0,
        "opacity": 0,
        "w": 13,
        "x": 154,
        "y": 140,
      },
      {
        "h": 14,
        "minutes": 0,
        "opacity": 0,
        "w": 13,
        "x": 168,
        "y": 140,
      },
      {
        "h": 14,
        "minutes": 30,
        "opacity": 0.5,
        "w": 13,
        "x": 182,
        "y": 140,
      },
      {
        "h": 14,
        "minutes": 60,
        "opacity": 1,
        "w": 13,
        "x": 196,
        "y": 140,
      },
      {
        "h": 14,
        "minutes": 0,
        "opacity": 0,
        "w": 13,
        "x": 210,
        "y": 140,
      },
      {
        "h": 14,
        "minutes": 0,
        "opacity": 0,
        "w": 13,
        "x": 224,
        "y": 140,
      },
      {
        "h": 14,
        "minutes": 30,
        "opacity": 0.5,
        "w": 13,
        "x": 238,
        "y": 140,
      },
      {
        "h": 14,
        "minutes": 30,
        "opacity": 0.5,
        "w": 13,
        "x": 252,
        "y": 140,
      },
      {
        "h": 14,
        "minutes": 0,
        "opacity": 0,
        "w": 13,
        "x": 266,
        "y": 140,
      },
      {
        "h": 14,
        "minutes": 0,
        "opacity": 0,
        "w": 13,
        "x": 280,
        "y": 140,
      },
      {
        "h": 14,
        "minutes": 0,
        "opacity": 0,
        "w": 13,
        "x": 294,
        "y": 140,
      },
      {
        "h": 14,
        "minutes": 0,
        "opacity": 0,
        "w": 13,
        "x": 308,
        "y": 140,
      },
      {
        "h": 14,
        "minutes": 30,
        "opacity": 0.5,
        "w": 13,
        "x": 322,
        "y": 140,
      },
      {
        "h": 14,
        "minutes": 60,
        "opacity": 1,
        "w": 13,
        "x": 336,
        "y": 140,
      },
      {
        "h": 14,
        "minutes": 60,
        "opacity": 1,
        "w": 13,
        "x": 350,
        "y": 140,
      },
      {
        "h": 14,
        "minutes": 60,
        "opacity": 1,
        "w": 13,
        "x": 364,
        "y": 140,
      },
      {
        "h": 14,
        "minutes": 60,
        "opacity": 1,
        "w": 13,
        "x": 378,
        "y": 140,
      },
      {
        "h": 14,
        "minutes": 60,
        "opacity": 1,
        "w": 13,
        "x": 56,
        "y": 155,
      },
      {
        "h": 14,
        "minutes": 60,
        "opacity": 1,
        "w": 13,
        "x": 70,
        "y": 155,
      },
      {
        "h": 14,
        "minutes": 60,
        "opacity": 1,
        "w": 13,
        "x": 84,
        "y": 155,
      },
      {
        "h": 14,
        "minutes": 60,
        "opacity": 1,
        "w": 13,
        "x": 98,
        "y": 155,
      },
      {
        "h": 14,
        "minutes": 60,
        "opacity": 1,
        "w": 13,
        "x": 112,
        "y": 155,
      },
      {
        "h": 14,
        "minutes": 60,
        "opacity": 1,
        "w": 13,
        "x": 126,
        "y": 155,
      },
      {
        "h": 14,
        "minutes": 60,
        "opacity": 1,
        "w": 13,
        "x": 140,
        "y": 155,
      },
      {
        "h": 14,
        "minutes": 0,
        "opacity": 0,
        "w": 13,
        "x": 154,
        "y": 155,
      },
      {
        "h": 14,
        "minutes": 0,
        "opacity": 0,
        "w": 13,
        "x": 168,
        "y": 155,
      },
      {
        "h": 14,
        "minutes": 30,
        "opacity": 0.5,
        "w": 13,
        "x": 182,
        "y": 155,
      },
      {
        "h": 14,
        "minutes": 60,
        "opacity": 1,
        "w": 13,
        "x": 196,
        "y": 155,
      },
      {
        "h": 14,
        "minutes": 0,
        "opacity": 0,
        "w": 13,
        "x": 210,
        "y": 155,
      },
      {
        "h": 14,
        "minutes": 0,
        "opacity": 0,
        "w": 13,
        "x": 224,
        "y": 155,
      },
      {
        "h": 14,
        "minutes": 30,
        "opacity": 0.5,
        "w": 13,
        "x": 238,
        "y": 155,
      },
      {
        "h": 14,
        "minutes": 30,
        "opacity": 0.5,
        "w": 13,
        "x": 252,
        "y": 155,
      },
      {
        "h": 14,
        "minutes": 0,
        "opacity": 0,
        "w": 13,
        "x": 266,
        "y": 155,
      },
      {
        "h": 14,
        "minutes": 0,
        "opacity": 0,
        "w": 13,
        "x": 280,
        "y": 155,
      },
      {
        "h": 14,
        "minutes": 0,
        "opacity": 0,
        "w": 13,
        "x": 294,
        "y": 155,
      },
      {
        "h": 14,
        "minutes": 0,
        "opacity": 0,
        "w": 13,
        "x": 308,
        "y": 155,
      },
      {
        "h": 14,
        "minutes": 30,
        "opacity": 0.5,
        "w": 13,
        "x": 322,
        "y": 155,
      },
      {
        "h": 14,
        "minutes": 60,
        "opacity": 1,
        "w": 13,
        "x": 336,
        "y": 155,
      },
      {
        "h": 14,
        "minutes": 60,
        "opacity": 1,
        "w": 13,
        "x": 350,
        "y": 155,
      },
      {
        "h": 14,
        "minutes": 60,
        "opacity": 1,
        "w": 13,
        "x": 364,
        "y": 155,
      },
      {
        "h": 14,
        "minutes": 60,
        "opacity": 1,
        "w": 13,
        "x": 378,
        "y": 155,
      },
      {
        "h": 14,
        "minutes": 60,
        "opacity": 1,
        "w": 13,
        "x": 56,
        "y": 170,
      },
      {
        "h": 14,
        "minutes": 60,
        "opacity": 1,
        "w": 13,
        "x": 70,
        "y": 170,
      },
      {
        "h": 14,
        "minutes": 60,
        "opacity": 1,
        "w": 13,
        "x": 84,
        "y": 170,
      },
      {
        "h": 14,
        "minutes": 60,
        "opacity": 1,
        "w": 13,
        "x": 98,
        "y": 170,
      },
      {
        "h": 14,
        "minutes": 60,
        "opacity": 1,
        "w": 13,
        "x": 112,
        "y": 170,
      },
      {
        "h": 14,
        "minutes": 60,
        "opacity": 1,
        "w": 13,
        "x": 126,
        "y": 170,
      },
      {
        "h": 14,
        "minutes": 60,
        "opacity": 1,
        "w": 13,
        "x": 140,
        "y": 170,
      },
      {
        "h": 14,
        "minutes": 0,
        "opacity": 0,
        "w": 13,
        "x": 154,
        "y": 170,
      },
      {
        "h": 14,
        "minutes": 0,
        "opacity": 0,
        "w": 13,
        "x": 168,
        "y": 170,
      },
      {
        "h": 14,
        "minutes": 30,
        "opacity": 0.5,
        "w": 13,
        "x": 182,
        "y": 170,
      },
      {
        "h": 14,
        "minutes": 60,
        "opacity": 1,
        "w": 13,
        "x": 196,
        "y": 170,
      },
      {
        "h": 14,
        "minutes": 0,
        "opacity": 0,
        "w": 13,
        "x": 210,
        "y": 170,
      },
      {
        "h": 14,
        "minutes": 0,
        "opacity": 0,
        "w": 13,
        "x": 224,
        "y": 170,
      },
      {
        "h": 14,
        "minutes": 30,
        "opacity": 0.5,
        "w": 13,
        "x": 238,
        "y": 170,
      },
      {
        "h": 14,
        "minutes": 30,
        "opacity": 0.5,
        "w": 13,
        "x": 252,
        "y": 170,
      },
      {
        "h": 14,
        "minutes": 0,
        "opacity": 0,
        "w": 13,
        "x": 266,
        "y": 170,
      },
      {
        "h": 14,
        "minutes": 0,
        "opacity": 0,
        "w": 13,
        "x": 280,
        "y": 170,
      },
      {
        "h": 14,
        "minutes": 0,
        "opacity": 0,
        "w": 13,
        "x": 294,
        "y": 170,
      },
      {
        "h": 14,
        "minutes": 0,
        "opacity": 0,
        "w": 13,
        "x": 308,
        "y": 170,
      },
      {
        "h": 14,
        "minutes": 0,
        "opacity": 0,
        "w": 13,
        "x": 322,
        "y": 170,
      },
      {
        "h": 14,
        "minutes": 0,
        "opacity": 0,
        "w": 13,
        "x": 336,
        "y": 170,
      },
      {
        "h": 14,
        "minutes": 0,
        "opacity": 0,
        "w": 13,
        "x": 350,
        "y": 170,
      },
      {
        "h": 14,
        "minutes": 0,
        "opacity": 0,
        "w": 13,
        "x": 364,
        "y": 170,
      },
      {
        "h": 14,
        "minutes": 0,
        "opacity": 0,
        "w": 13,
        "x": 378,
        "y": 170,
      },
    ],
    "dateLabels": [
      {
        "label": "søn. 15.",
        "x": 52,
        "y": 30,
      },
      {
        "label": "man. 16.",
        "x": 52,
        "y": 45,
      },
      {
        "label": "tir. 17.",
        "x": 52,
        "y": 60,
      },
      {
        "label": "ons. 18.",
        "x": 52,
        "y": 75,
      },
      {
        "label": "tor. 19.",
        "x": 52,
        "y": 90,
      },
      {
        "label": "fre. 20.",
        "x": 52,
        "y": 105,
      },
      {
        "label": "lør. 21.",
        "x": 52,
        "y": 120,
      },
      {
        "label": "søn. 22.",
        "x": 52,
        "y": 135,
      },
      {
        "label": "man. 23.",
        "x": 52,
        "y": 150,
      },
      {
        "label": "tir. 24.",
        "x": 52,
        "y": 165,
      },
      {
        "label": "ons. 25.",
        "x": 52,
        "y": 180,
      },
    ],
    "height": 193,
    "hourLabels": [
      {
        "label": "00",
        "x": 62.5,
      },
      {
        "label": "03",
        "x": 104.5,
      },
      {
        "label": "06",
        "x": 146.5,
      },
      {
        "label": "09",
        "x": 188.5,
      },
      {
        "label": "12",
        "x": 230.5,
      },
      {
        "label": "15",
        "x": 272.5,
      },
      {
        "label": "18",
        "x": 314.5,
      },
      {
        "label": "21",
        "x": 356.5,
      },
    ],
    "width": 400,
  },
  "napCountChart": {
    "dots": [
      {
        "count": 2,
        "date": "2026-03-16",
        "x": 40,
        "y": 16,
      },
      {
        "count": 2,
        "date": "2026-03-17",
        "x": 74.22222222222223,
        "y": 16,
      },
      {
        "count": 2,
        "date": "2026-03-18",
        "x": 108.44444444444444,
        "y": 16,
      },
      {
        "count": 2,
        "date": "2026-03-19",
        "x": 142.66666666666666,
        "y": 16,
      },
      {
        "count": 2,
        "date": "2026-03-20",
        "x": 176.88888888888889,
        "y": 16,
      },
      {
        "count": 2,
        "date": "2026-03-21",
        "x": 211.11111111111111,
        "y": 16,
      },
      {
        "count": 2,
        "date": "2026-03-22",
        "x": 245.33333333333331,
        "y": 16,
      },
      {
        "count": 2,
        "date": "2026-03-23",
        "x": 279.55555555555554,
        "y": 16,
      },
      {
        "count": 2,
        "date": "2026-03-24",
        "x": 313.77777777777777,
        "y": 16,
      },
      {
        "count": 2,
        "date": "2026-03-25",
        "x": 348,
        "y": 16,
      },
    ],
    "gridLines": [
      92,
      16,
    ],
    "linePath": "M40,16 H74.22222222222223 V16 H108.44444444444444 V16 H142.66666666666666 V16 H176.88888888888889 V16 H211.11111111111111 V16 H245.33333333333331 V16 H279.55555555555554 V16 H313.77777777777777 V16 H348 V16",
    "maxCount": 2,
    "rollingAvgPath": "M245.33333333333331,16 L279.55555555555554,16 L313.77777777777777,16 L348,16",
    "xLabels": [
      {
        "label": "16. mars",
        "x": 40,
      },
      {
        "label": "21. mars",
        "x": 211.11111111111111,
      },
      {
        "label": "25. mars",
        "x": 348,
      },
    ],
    "yTicks": [
      {
        "label": "1",
        "y": 92,
      },
      {
        "label": "2",
        "y": 16,
      },
    ],
  },
  "nightStretchChart": {
    "areaPath": "M40,168 L40,16 L74.22222222222223,16 L108.44444444444444,16 L142.66666666666666,16 L176.88888888888889,16 L211.11111111111111,16 L245.33333333333331,16 L279.55555555555554,16 L313.77777777777777,16 L348,16 L348,168 Z",
    "dots": [
      {
        "date": "2026-03-15",
        "hours": 11.5,
        "x": 40,
        "y": 16,
      },
      {
        "date": "2026-03-16",
        "hours": 11.5,
        "x": 74.22222222222223,
        "y": 16,
      },
      {
        "date": "2026-03-17",
        "hours": 11.5,
        "x": 108.44444444444444,
        "y": 16,
      },
      {
        "date": "2026-03-18",
        "hours": 11.5,
        "x": 142.66666666666666,
        "y": 16,
      },
      {
        "date": "2026-03-19",
        "hours": 11.5,
        "x": 176.88888888888889,
        "y": 16,
      },
      {
        "date": "2026-03-20",
        "hours": 11.5,
        "x": 211.11111111111111,
        "y": 16,
      },
      {
        "date": "2026-03-21",
        "hours": 11.5,
        "x": 245.33333333333331,
        "y": 16,
      },
      {
        "date": "2026-03-22",
        "hours": 11.5,
        "x": 279.55555555555554,
        "y": 16,
      },
      {
        "date": "2026-03-23",
        "hours": 11.5,
        "x": 313.77777777777777,
        "y": 16,
      },
      {
        "date": "2026-03-24",
        "hours": 11.5,
        "x": 348,
        "y": 16,
      },
    ],
    "gridLines": [
      141.56521739130434,
      115.13043478260869,
      88.69565217391305,
      62.26086956521739,
      35.82608695652175,
      9.391304347826093,
    ],
    "linePath": "M40,16 L74.22222222222223,16 L108.44444444444444,16 L142.66666666666666,16 L176.88888888888889,16 L211.11111111111111,16 L245.33333333333331,16 L279.55555555555554,16 L313.77777777777777,16 L348,16",
    "maxHours": 12,
    "rollingAvgPath": "M245.33333333333331,16 L279.55555555555554,16 L313.77777777777777,16 L348,16",
    "xLabels": [
      {
        "label": "15. mars",
        "x": 40,
      },
      {
        "label": "20. mars",
        "x": 211.11111111111111,
      },
      {
        "label": "24. mars",
        "x": 348,
      },
    ],
    "yTicks": [
      {
        "label": "2t",
        "y": 141.56521739130434,
      },
      {
        "label": "4t",
        "y": 115.13043478260869,
      },
      {
        "label": "6t",
        "y": 88.69565217391305,
      },
      {
        "label": "8t",
        "y": 62.26086956521739,
      },
      {
        "label": "10t",
        "y": 35.82608695652175,
      },
      {
        "label": "12t",
        "y": 9.391304347826093,
      },
    ],
  },
  "sleepVsNorm": {
    "actualPath": "M40,168 L40,71.73333333333333 L70.8,46.39999999999999 L101.6,46.39999999999999 L132.39999999999998,46.39999999999999 L163.2,46.39999999999999 L194,46.39999999999999 L224.79999999999998,46.39999999999999 L255.6,46.39999999999999 L286.4,46.39999999999999 L317.2,46.39999999999999 L348,162.93333333333334 L348,168 Z",
    "bandPath": "M40,23.73805752890314 L70.8,23.773701541351727 L101.6,23.8092417860002 L132.39999999999998,23.844679163880812 L163.2,23.88001456306131 L194,23.915248858904363 L224.79999999999998,23.9503829143205 L255.6,23.98541758001508 L286.4,24.020353694728215 L317.2,24.055192085469287 L348,24.08993356774522 L348,84.88993356774525 L317.2,84.85519208546928 L286.4,84.82035369472823 L255.6,84.78541758001509 L224.79999999999998,84.75038291432051 L194,84.71524885890436 L163.2,84.68001456306133 L132.39999999999998,84.64467916388082 L101.6,84.6092417860002 L70.8,84.57370154135174 L40,84.53805752890317 Z",
    "dots": [
      {
        "date": "2026-03-15",
        "hours": 11.5,
        "x": 40,
        "y": 71.73333333333333,
      },
      {
        "date": "2026-03-16",
        "hours": 14,
        "x": 70.8,
        "y": 46.39999999999999,
      },
      {
        "date": "2026-03-17",
        "hours": 14,
        "x": 101.6,
        "y": 46.39999999999999,
      },
      {
        "date": "2026-03-18",
        "hours": 14,
        "x": 132.39999999999998,
        "y": 46.39999999999999,
      },
      {
        "date": "2026-03-19",
        "hours": 14,
        "x": 163.2,
        "y": 46.39999999999999,
      },
      {
        "date": "2026-03-20",
        "hours": 14,
        "x": 194,
        "y": 46.39999999999999,
      },
      {
        "date": "2026-03-21",
        "hours": 14,
        "x": 224.79999999999998,
        "y": 46.39999999999999,
      },
      {
        "date": "2026-03-22",
        "hours": 14,
        "x": 255.6,
        "y": 46.39999999999999,
      },
      {
        "date": "2026-03-23",
        "hours": 14,
        "x": 286.4,
        "y": 46.39999999999999,
      },
      {
        "date": "2026-03-24",
        "hours": 14,
        "x": 317.2,
        "y": 46.39999999999999,
      },
      {
        "date": "2026-03-25",
        "hours": 2.5,
        "x": 348,
        "y": 162.93333333333334,
      },
    ],
    "gridLines": [
      168,
      147.73333333333335,
      127.46666666666667,
      107.19999999999999,
      86.93333333333334,
      66.66666666666667,
      46.39999999999999,
      26.133333333333326,
    ],
    "maxHours": 17,
    "typicalPath": "M40,54.138057528903175 L70.8,54.17370154135175 L101.6,54.20924178600018 L132.39999999999998,54.24467916388083 L163.2,54.28001456306134 L194,54.31524885890437 L224.79999999999998,54.35038291432052 L255.6,54.3854175800151 L286.4,54.42035369472822 L317.2,54.45519208546929 L348,54.489933567745254",
    "xLabels": [
      {
        "label": "15. mars",
        "x": 40,
      },
      {
        "label": "20. mars",
        "x": 194,
      },
      {
        "label": "25. mars",
        "x": 348,
      },
    ],
    "yTicks": [
      {
        "label": "2t",
        "y": 168,
      },
      {
        "label": "4t",
        "y": 147.73333333333335,
      },
      {
        "label": "6t",
        "y": 127.46666666666667,
      },
      {
        "label": "8t",
        "y": 107.19999999999999,
      },
      {
        "label": "10t",
        "y": 86.93333333333334,
      },
      {
        "label": "12t",
        "y": 66.66666666666667,
      },
      {
        "label": "14t",
        "y": 46.39999999999999,
      },
      {
        "label": "16t",
        "y": 26.133333333333326,
      },
    ],
  },
  "stackedArea": {
    "gridLines": [
      146.28571428571428,
      124.57142857142858,
      102.85714285714286,
      81.14285714285715,
      59.42857142857143,
      37.71428571428572,
      16,
    ],
    "maxHours": 14,
    "napPath": "M40,43.14285714285715 L70.8,43.14285714285715 L101.6,43.14285714285715 L132.39999999999998,43.14285714285715 L163.2,43.14285714285715 L194,43.14285714285715 L224.79999999999998,43.14285714285715 L255.6,43.14285714285715 L286.4,43.14285714285715 L317.2,43.14285714285715 L348,168 L348,140.85714285714286 L317.2,16 L286.4,16 L255.6,16 L224.79999999999998,16 L194,16 L163.2,16 L132.39999999999998,16 L101.6,16 L70.8,16 L40,43.14285714285715 Z",
    "nightPath": "M40,168 L40,43.14285714285715 L70.8,43.14285714285715 L101.6,43.14285714285715 L132.39999999999998,43.14285714285715 L163.2,43.14285714285715 L194,43.14285714285715 L224.79999999999998,43.14285714285715 L255.6,43.14285714285715 L286.4,43.14285714285715 L317.2,43.14285714285715 L348,168 L348,168 Z",
    "rollingAvgPath": "M224.79999999999998,19.877551020408163 L255.6,16 L286.4,16 L317.2,16 L348,33.83673469387753",
    "xLabels": [
      {
        "label": "15. mars",
        "x": 40,
      },
      {
        "label": "20. mars",
        "x": 194,
      },
      {
        "label": "25. mars",
        "x": 348,
      },
    ],
    "yTicks": [
      {
        "label": "2t",
        "y": 146.28571428571428,
      },
      {
        "label": "4t",
        "y": 124.57142857142858,
      },
      {
        "label": "6t",
        "y": 102.85714285714286,
      },
      {
        "label": "8t",
        "y": 81.14285714285715,
      },
      {
        "label": "10t",
        "y": 59.42857142857143,
      },
      {
        "label": "12t",
        "y": 37.71428571428572,
      },
      {
        "label": "14t",
        "y": 16,
      },
    ],
  },
  "wakeScatter": {
    "bandY": null,
    "dots": [
      {
        "minutes": 150,
        "x": 40,
        "y": 92,
      },
      {
        "minutes": 300,
        "x": 57.111111111111114,
        "y": 16,
      },
      {
        "minutes": 150,
        "x": 74.22222222222223,
        "y": 92,
      },
      {
        "minutes": 150,
        "x": 91.33333333333333,
        "y": 92,
      },
      {
        "minutes": 300,
        "x": 108.44444444444444,
        "y": 16,
      },
      {
        "minutes": 150,
        "x": 125.55555555555556,
        "y": 92,
      },
      {
        "minutes": 150,
        "x": 142.66666666666666,
        "y": 92,
      },
      {
        "minutes": 300,
        "x": 159.77777777777777,
        "y": 16,
      },
      {
        "minutes": 150,
        "x": 176.88888888888889,
        "y": 92,
      },
      {
        "minutes": 150,
        "x": 194,
        "y": 92,
      },
      {
        "minutes": 300,
        "x": 211.11111111111111,
        "y": 16,
      },
      {
        "minutes": 150,
        "x": 228.22222222222223,
        "y": 92,
      },
      {
        "minutes": 150,
        "x": 245.33333333333331,
        "y": 92,
      },
      {
        "minutes": 300,
        "x": 262.44444444444446,
        "y": 16,
      },
      {
        "minutes": 150,
        "x": 279.55555555555554,
        "y": 92,
      },
      {
        "minutes": 150,
        "x": 296.6666666666667,
        "y": 92,
      },
      {
        "minutes": 300,
        "x": 313.77777777777777,
        "y": 16,
      },
      {
        "minutes": 150,
        "x": 330.88888888888886,
        "y": 92,
      },
      {
        "minutes": 150,
        "x": 348,
        "y": 92,
      },
    ],
    "gridLines": [
      137.6,
      107.19999999999999,
      76.8,
      46.39999999999999,
      16,
    ],
    "maxMin": 300,
    "yTicks": [
      {
        "label": "1t",
        "y": 137.6,
      },
      {
        "label": "2t",
        "y": 107.19999999999999,
      },
      {
        "label": "3t",
        "y": 76.8,
      },
      {
        "label": "4t",
        "y": 46.39999999999999,
      },
      {
        "label": "5t",
        "y": 16,
      },
    ],
  },
}
`;

exports[`computeAllStats — golden single-baby chart geometry pins the summary tables + diaper stats 1`] = `
{
  "bestWorst": {
    "best": {
      "date": "2026-03-19",
      "duration": "14t 0m",
      "label": "tor. 19. mars",
    },
    "worst": {
      "date": "2026-03-25",
      "duration": "2t 30m",
      "label": "ons. 25. mars",
    },
  },
  "diaperStats30": {
    "bothCount": 1,
    "dirtyCount": 2,
    "perDay": 2,
    "pottyCount": 1,
    "pottySuccessRate": null,
    "total": 4,
    "wetCount": 3,
  },
  "diaperStats7": {
    "bothCount": 1,
    "dirtyCount": 2,
    "perDay": 2,
    "pottyCount": 1,
    "pottySuccessRate": null,
    "total": 4,
    "wetCount": 3,
  },
  "trendRows": [
    {
      "isHeader": true,
      "label": "",
      "val30": "30 dagar",
      "val7": "7 dagar",
    },
    {
      "isHeader": false,
      "label": "Total søvn/dag",
      "val30": "12t 43m",
      "val7": "12t 21m",
    },
    {
      "isHeader": false,
      "label": "Snitt lurvarighet",
      "val30": "1t 15m",
      "val7": "1t 15m",
    },
    {
      "isHeader": false,
      "label": "Lurar/dag",
      "val30": "1.8",
      "val7": "2",
    },
    {
      "isHeader": false,
      "label": "Nattesøvn",
      "val30": "10t 27m",
      "val7": "9t 51m",
    },
  ],
  "wakeAvg": 197,
}
`;
